127.0.0.1 - - [03/May/2023:08:54:01 +0200] "GET / HTTP/1.1" 404 751
127.0.0.1 - - [03/May/2023:08:54:06 +0200] "DELETE /arca/rest/animale/sbarca HTTP/1.1" 400 795
127.0.0.1 - - [03/May/2023:08:54:09 +0200] "GET /arca/rest/hello/ciao HTTP/1.1" 200 27
127.0.0.1 - - [03/May/2023:08:54:12 +0200] "POST /arca/rest/animale/imbarca HTTP/1.1" 200 37
127.0.0.1 - - [03/May/2023:08:54:15 +0200] "GET /arca/rest/animale/lista HTTP/1.1" 200 2
127.0.0.1 - - [03/May/2023:10:44:52 +0200] "GET /arca/rest/animale/lista HTTP/1.1" 200 2
127.0.0.1 - - [03/May/2023:10:44:54 +0200] "DELETE /arca/rest/animale/sbarca HTTP/1.1" 400 795
127.0.0.1 - - [03/May/2023:10:44:57 +0200] "GET /arca/rest/hello/ciao HTTP/1.1" 200 27
127.0.0.1 - - [03/May/2023:10:46:39 +0200] "GET / HTTP/1.1" 404 751
127.0.0.1 - - [03/May/2023:11:18:09 +0200] "GET / HTTP/1.1" 404 751
0:0:0:0:0:0:0:1 - - [03/May/2023:11:18:23 +0200] "GET /arcaweb/JDBCDataSourceExample HTTP/1.1" 404 784
0:0:0:0:0:0:0:1 - - [03/May/2023:11:18:24 +0200] "GET /favicon.ico HTTP/1.1" 404 762
0:0:0:0:0:0:0:1 - - [03/May/2023:11:22:18 +0200] "GET /JDBCDDataSourceTomcat/JDBCDataSourceExample HTTP/1.1" 404 798
0:0:0:0:0:0:0:1 - - [03/May/2023:11:23:05 +0200] "GET /arcawebJDBCDDataSourceTomcat/JDBCDataSourceExample HTTP/1.1" 404 805
127.0.0.1 - - [03/May/2023:11:23:59 +0200] "GET / HTTP/1.1" 404 751
0:0:0:0:0:0:0:1 - - [03/May/2023:11:29:40 +0200] "GET /arcaweb/JDBCDataSourceExample HTTP/1.1" 404 784
0:0:0:0:0:0:0:1 - - [03/May/2023:11:29:42 +0200] "GET /arcaweb/JDBCDataSourceExample HTTP/1.1" 404 784
0:0:0:0:0:0:0:1 - - [03/May/2023:11:40:10 +0200] "GET /arcaweb/JDBCDataSourceExample HTTP/1.1" 404 784
127.0.0.1 - - [03/May/2023:11:42:18 +0200] "GET / HTTP/1.1" 404 751
0:0:0:0:0:0:0:1 - - [03/May/2023:11:42:29 +0200] "GET /arcaweb/JDBCDataSourceExample HTTP/1.1" 404 784
0:0:0:0:0:0:0:1 - - [03/May/2023:11:42:31 +0200] "GET /arcaweb/JDBCDataSourceExample HTTP/1.1" 404 784
0:0:0:0:0:0:0:1 - - [03/May/2023:11:42:36 +0200] "GET /arcaweb/JDBCDataSourceExample HTTP/1.1" 404 784
0:0:0:0:0:0:0:1 - - [03/May/2023:11:42:55 +0200] "GET /arcaweb/JDBCDataSourceExample HTTP/1.1" 404 784
0:0:0:0:0:0:0:1 - - [03/May/2023:11:43:47 +0200] "GET /arca/JDBCDataSourceExample HTTP/1.1" 404 781
127.0.0.1 - - [03/May/2023:11:44:29 +0200] "GET /arca/rest/hello/ciao HTTP/1.1" 200 27
127.0.0.1 - - [03/May/2023:11:47:03 +0200] "GET / HTTP/1.1" 404 751
0:0:0:0:0:0:0:1 - - [03/May/2023:11:48:02 +0200] "GET /arca/rest/JDBCDataSourceExample HTTP/1.1" 500 7815
0:0:0:0:0:0:0:1 - - [03/May/2023:11:59:24 +0200] "GET /arca/JDBCDataSourceExample HTTP/1.1" 404 781
0:0:0:0:0:0:0:1 - - [03/May/2023:11:59:28 +0200] "GET /arca/JDBCDataSourceExample HTTP/1.1" 404 781
0:0:0:0:0:0:0:1 - - [03/May/2023:12:01:33 +0200] "GET /arca/rest/JDBCDataSourceExample HTTP/1.1" 500 7815
0:0:0:0:0:0:0:1 - - [03/May/2023:12:01:35 +0200] "GET /arca/rest/JDBCDataSourceExample HTTP/1.1" 500 7815
0:0:0:0:0:0:0:1 - - [03/May/2023:12:01:38 +0200] "GET /arca/rest/JDBCDataSourceExample HTTP/1.1" 500 7815
127.0.0.1 - - [03/May/2023:12:03:59 +0200] "DELETE /arca/rest/animale/sbarca HTTP/1.1" 500 7815
127.0.0.1 - - [03/May/2023:12:04:02 +0200] "GET /arca/rest/hello/ciao HTTP/1.1" 500 7815
127.0.0.1 - - [03/May/2023:12:04:19 +0200] "GET / HTTP/1.1" 404 751
127.0.0.1 - - [03/May/2023:12:04:22 +0200] "GET /arca/rest/hello/ciao HTTP/1.1" 500 7815
127.0.0.1 - - [03/May/2023:12:04:24 +0200] "GET /arca/rest/hello/ciao HTTP/1.1" 500 7815
127.0.0.1 - - [03/May/2023:12:04:26 +0200] "GET /arca/rest/hello/ciao HTTP/1.1" 500 7815
127.0.0.1 - - [03/May/2023:12:05:11 +0200] "GET /arca/rest/hello/ciao HTTP/1.1" 500 7815
127.0.0.1 - - [03/May/2023:12:05:14 +0200] "GET /arca/rest/hello/ciao HTTP/1.1" 200 27
0:0:0:0:0:0:0:1 - - [03/May/2023:12:09:29 +0200] "GET /arca/rest/JDBCDataSourceExample HTTP/1.1" 500 7815
0:0:0:0:0:0:0:1 - - [03/May/2023:12:09:31 +0200] "GET /arca/rest/JDBCDataSourceExample HTTP/1.1" 500 7815
127.0.0.1 - - [03/May/2023:12:09:38 +0200] "GET /arca/rest/hello/ciao HTTP/1.1" 500 7815
127.0.0.1 - - [03/May/2023:12:10:00 +0200] "GET /arca/rest/hello/ciao HTTP/1.1" 200 27
0:0:0:0:0:0:0:1 - - [03/May/2023:12:10:35 +0200] "GET /arca/rest/JDBCDataSourceExample HTTP/1.1" 404 713
0:0:0:0:0:0:0:1 - - [03/May/2023:12:10:37 +0200] "GET /arca/rest/JDBCDataSourceExample HTTP/1.1" 404 713
127.0.0.1 - - [03/May/2023:12:16:25 +0200] "GET /arca/rest/hello/ciao HTTP/1.1" 200 27
127.0.0.1 - - [03/May/2023:12:16:26 +0200] "GET /arca/rest/hello/ciao HTTP/1.1" 200 27
127.0.0.1 - - [03/May/2023:12:16:58 +0200] "GET /arca/rest/hello/ciao HTTP/1.1" 500 7815
127.0.0.1 - - [03/May/2023:12:24:11 +0200] "GET /arca/rest/hello/ciao HTTP/1.1" 200 27
0:0:0:0:0:0:0:1 - - [03/May/2023:12:24:49 +0200] "GET /arca/rest/JDBCDataSourceExample HTTP/1.1" 404 713
0:0:0:0:0:0:0:1 - - [03/May/2023:12:24:51 +0200] "GET /arca/rest/JDBCDataSourceExample HTTP/1.1" 404 713
127.0.0.1 - - [03/May/2023:12:28:37 +0200] "GET /arca/rest/hello/ciao HTTP/1.1" 500 3949
127.0.0.1 - - [03/May/2023:12:29:08 +0200] "GET /arca/rest/hello/ciao HTTP/1.1" 200 27
0:0:0:0:0:0:0:1 - - [03/May/2023:12:34:47 +0200] "GET /arca/rest/JDBCDataSourceExample HTTP/1.1" 404 713
0:0:0:0:0:0:0:1 - - [03/May/2023:12:37:08 +0200] "GET /arca/JDBCDataSourceExample HTTP/1.1" 404 781
0:0:0:0:0:0:0:1 - - [03/May/2023:12:37:18 +0200] "GET /arca/JDBCDataSourceExample HTTP/1.1" 404 781
127.0.0.1 - - [03/May/2023:12:38:13 +0200] "GET /arca/rest/hello/ciao HTTP/1.1" 200 27
127.0.0.1 - - [03/May/2023:12:38:14 +0200] "GET /arca/rest/hello/ciao HTTP/1.1" 200 27
0:0:0:0:0:0:0:1 - - [03/May/2023:12:42:30 +0200] "GET /arca/JDBCDataSourceExample HTTP/1.1" 404 781
0:0:0:0:0:0:0:1 - - [03/May/2023:12:42:32 +0200] "GET /arca/JDBCDataSourceExample HTTP/1.1" 404 781
0:0:0:0:0:0:0:1 - - [03/May/2023:12:42:45 +0200] "GET /arca/JDBCDataSourceExample HTTP/1.1" 404 781
0:0:0:0:0:0:0:1 - - [03/May/2023:12:43:33 +0200] "GET /arca/JDBCDataSourceExample HTTP/1.1" 404 781
127.0.0.1 - - [03/May/2023:12:43:57 +0200] "GET / HTTP/1.1" 404 751
0:0:0:0:0:0:0:1 - - [03/May/2023:12:44:05 +0200] "GET /arca/JDBCDataSourceExample HTTP/1.1" 200 342
0:0:0:0:0:0:0:1 - - [03/May/2023:14:08:16 +0200] "GET /arca/JDBCDataSourceExample HTTP/1.1" 200 342
0:0:0:0:0:0:0:1 - - [03/May/2023:14:08:17 +0200] "GET /arca/JDBCDataSourceExample HTTP/1.1" 200 342
127.0.0.1 - - [03/May/2023:15:01:30 +0200] "GET /arca/rest/hello/ciao HTTP/1.1" 200 27
127.0.0.1 - - [03/May/2023:15:01:41 +0200] "POST /arca/rest/animale/imbarca HTTP/1.1" 200 37
127.0.0.1 - - [03/May/2023:15:02:12 +0200] "POST /arca/rest/animale/imbarca HTTP/1.1" 200 37
127.0.0.1 - - [03/May/2023:15:03:02 +0200] "GET /arca/rest/animale/lista HTTP/1.1" 200 2
127.0.0.1 - - [03/May/2023:15:03:07 +0200] "DELETE /arca/rest/animale/sbarca HTTP/1.1" 400 795
127.0.0.1 - - [03/May/2023:15:05:13 +0200] "DELETE /arca/rest/animale/sbarca HTTP/1.1" 400 795
127.0.0.1 - - [03/May/2023:15:05:22 +0200] "POST /arca/rest/animale/imbarca HTTP/1.1" 200 37
0:0:0:0:0:0:0:1 - - [03/May/2023:15:12:33 +0200] "GET /arca/JDBCDataSourceExample HTTP/1.1" 200 342
0:0:0:0:0:0:0:1 - - [03/May/2023:15:12:34 +0200] "GET /arca/JDBCDataSourceExample HTTP/1.1" 200 342
0:0:0:0:0:0:0:1 - - [03/May/2023:15:14:55 +0200] "GET /arca/JDBCDataSourceExample HTTP/1.1" 500 342
0:0:0:0:0:0:0:1 - - [03/May/2023:15:14:56 +0200] "GET /arca/JDBCDataSourceExample HTTP/1.1" 500 342
0:0:0:0:0:0:0:1 - - [03/May/2023:15:14:56 +0200] "GET /arca/JDBCDataSourceExample HTTP/1.1" 500 342
0:0:0:0:0:0:0:1 - - [03/May/2023:15:14:57 +0200] "GET /arca/JDBCDataSourceExample HTTP/1.1" 500 342
0:0:0:0:0:0:0:1 - - [03/May/2023:15:14:57 +0200] "GET /arca/JDBCDataSourceExample HTTP/1.1" 500 342
0:0:0:0:0:0:0:1 - - [03/May/2023:15:14:57 +0200] "GET /arca/JDBCDataSourceExample HTTP/1.1" 500 342
0:0:0:0:0:0:0:1 - - [03/May/2023:15:30:28 +0200] "GET /arca/JDBCDataSourceExample HTTP/1.1" 500 342
0:0:0:0:0:0:0:1 - - [03/May/2023:15:30:29 +0200] "GET /arca/JDBCDataSourceExample HTTP/1.1" 500 342
0:0:0:0:0:0:0:1 - - [03/May/2023:15:31:34 +0200] "GET /arca/JDBCDataSourceExample HTTP/1.1" 500 342
0:0:0:0:0:0:0:1 - - [03/May/2023:15:32:43 +0200] "GET /arca/JDBCDataSourceExample HTTP/1.1" 500 342
0:0:0:0:0:0:0:1 - - [03/May/2023:15:32:43 +0200] "GET /arca/JDBCDataSourceExample HTTP/1.1" 500 342
127.0.0.1 - - [03/May/2023:15:32:48 +0200] "POST /arca/rest/animale/imbarca HTTP/1.1" 200 37
127.0.0.1 - - [03/May/2023:15:32:50 +0200] "DELETE /arca/rest/animale/sbarca HTTP/1.1" 400 795
127.0.0.1 - - [03/May/2023:15:32:52 +0200] "GET /arca/rest/hello/ciao HTTP/1.1" 200 27
0:0:0:0:0:0:0:1 - - [03/May/2023:15:33:04 +0200] "GET /arca/JDBCDataSourceExample HTTP/1.1" 500 342
0:0:0:0:0:0:0:1 - - [03/May/2023:15:33:52 +0200] "GET /arca/JDBCDataSourceExample HTTP/1.1" 500 342
0:0:0:0:0:0:0:1 - - [03/May/2023:15:48:15 +0200] "GET /arca/JDBCDataSourceExample HTTP/1.1" 500 342
0:0:0:0:0:0:0:1 - - [03/May/2023:15:48:16 +0200] "GET /arca/JDBCDataSourceExample HTTP/1.1" 500 342
0:0:0:0:0:0:0:1 - - [03/May/2023:15:52:41 +0200] "GET /arca/JDBCDataSourceExample HTTP/1.1" 500 342
0:0:0:0:0:0:0:1 - - [03/May/2023:16:16:38 +0200] "GET /arca/JDBCDataSourceExample HTTP/1.1" 500 342
0:0:0:0:0:0:0:1 - - [03/May/2023:16:16:38 +0200] "GET /arca/JDBCDataSourceExample HTTP/1.1" 500 342
127.0.0.1 - - [03/May/2023:16:16:43 +0200] "DELETE /arca/rest/animale/sbarca HTTP/1.1" 400 795
127.0.0.1 - - [03/May/2023:16:16:45 +0200] "GET /arca/rest/hello/ciao HTTP/1.1" 200 27
0:0:0:0:0:0:0:1 - - [03/May/2023:16:41:49 +0200] "GET /arca/JDBCDataSourceExample HTTP/1.1" 500 342
0:0:0:0:0:0:0:1 - - [03/May/2023:16:41:50 +0200] "GET /arca/JDBCDataSourceExample HTTP/1.1" 500 342
0:0:0:0:0:0:0:1 - - [03/May/2023:16:41:51 +0200] "GET /arca/JDBCDataSourceExample HTTP/1.1" 500 342
0:0:0:0:0:0:0:1 - - [03/May/2023:16:41:57 +0200] "GET /arca/JDBCDataSourceExample HTTP/1.1" 500 342
127.0.0.1 - - [03/May/2023:16:54:47 +0200] "GET /arca/JDBCDataSourceExample HTTP/1.1" 500 342
0:0:0:0:0:0:0:1 - - [03/May/2023:16:55:24 +0200] "GET /arca/JDBCDataSourceExample HTTP/1.1" 500 342
0:0:0:0:0:0:0:1 - - [03/May/2023:16:58:27 +0200] "GET /arca/JDBCDataSourceExample HTTP/1.1" 200 342
0:0:0:0:0:0:0:1 - - [03/May/2023:16:58:27 +0200] "GET /arca/JDBCDataSourceExample HTTP/1.1" 200 342
0:0:0:0:0:0:0:1 - - [03/May/2023:16:58:28 +0200] "GET /arca/JDBCDataSourceExample HTTP/1.1" 200 342
0:0:0:0:0:0:0:1 - - [03/May/2023:16:58:28 +0200] "GET /arca/JDBCDataSourceExample HTTP/1.1" 200 342
0:0:0:0:0:0:0:1 - - [03/May/2023:16:58:29 +0200] "GET /arca/JDBCDataSourceExample HTTP/1.1" 200 342
127.0.0.1 - - [03/May/2023:16:59:12 +0200] "GET /arca/JDBCDataSourceExample HTTP/1.1" 200 342
127.0.0.1 - - [03/May/2023:16:59:13 +0200] "GET /arca/JDBCDataSourceExample HTTP/1.1" 200 342
127.0.0.1 - - [03/May/2023:17:02:14 +0200] "GET /arca/JDBCDataSourceExample HTTP/1.1" 200 342
127.0.0.1 - - [03/May/2023:17:03:37 +0200] "GET /arca/JDBCDataSourceExample HTTP/1.1" 200 342
127.0.0.1 - - [03/May/2023:17:03:40 +0200] "GET /arca/rest/hello/ciao HTTP/1.1" 200 27
0:0:0:0:0:0:0:1 - - [03/May/2023:17:23:15 +0200] "GET /arca/JDBCDataSourceExample HTTP/1.1" 200 342
0:0:0:0:0:0:0:1 - - [03/May/2023:17:23:15 +0200] "GET /arca/JDBCDataSourceExample HTTP/1.1" 200 342
127.0.0.1 - - [03/May/2023:17:23:20 +0200] "GET /arca/JDBCDataSourceExample HTTP/1.1" 200 342
127.0.0.1 - - [03/May/2023:17:23:21 +0200] "GET /arca/JDBCDataSourceExample HTTP/1.1" 200 342
0:0:0:0:0:0:0:1 - - [03/May/2023:17:24:43 +0200] "GET /arca/JDBCDataSourceExample HTTP/1.1" 200 342
0:0:0:0:0:0:0:1 - - [03/May/2023:17:33:06 +0200] "GET /arca/JDBCDataSourceExample HTTP/1.1" 200 342
127.0.0.1 - - [03/May/2023:17:33:34 +0200] "GET / HTTP/1.1" 404 751
0:0:0:0:0:0:0:1 - - [03/May/2023:17:33:34 +0200] "GET /arca/JDBCDataSourceExample HTTP/1.1" 200 342
0:0:0:0:0:0:0:1 - - [03/May/2023:17:34:45 +0200] "GET /arca/JDBCDataSourceExample HTTP/1.1" 200 342
0:0:0:0:0:0:0:1 - - [03/May/2023:17:34:46 +0200] "GET /arca/JDBCDataSourceExample HTTP/1.1" 200 342
0:0:0:0:0:0:0:1 - - [03/May/2023:17:34:47 +0200] "GET /arca/JDBCDataSourceExample HTTP/1.1" 200 342
